node.exe : 
Browserslist: browsers 
data (caniuse-lite) is 
9 months old. Please 
run:
At line:1 char:1
+ & "C:\Program 
Files\nodejs/node.exe" 
"C:\Users\navne\AppData
\Roaming\ ...
+ ~~~~~~~~~~~~~~~~~~~~~
~~~~~~~~~~~~~~~~~~~~~~~
~~~~~~~~~~~~~~~~~~~~~~~
~~
    + CategoryInfo     
         : NotSpecifi  
  ed: (Browserslist:   
  b...ld. Please ru    
n::String) [], Rem    
oteException
    + FullyQualifiedEr 
   rorId : NativeComm  
  andError
 
  npx update-browsersli
st-db@latest
  Why you should do it 
regularly: https://gith
ub.com/browserslist/upd
ate-db#readme
[33m[vite:css] 
@import must precede 
all other statements 
(besides @charset or 
empty @layer)
3  |  @tailwind 
utilities;
4  |  
5  |  @import '@fontsou
rce/jetbrains-mono/400.
css';
   |  ^^^^^^^^^^^^^^^^^
^^^^^^^^^^^^^^^^^^^^^^^
^^^^^
6  |  @import '@fontsou
rce/jetbrains-mono/500.
css';
7  |  @import '@fontsou
rce/jetbrains-mono/700.
css';[39m
[33m[vite:css] 
@import must precede 
all other statements 
(besides @charset or 
empty @layer)
4  |  
5  |  @import '@fontsou
rce/jetbrains-mono/400.
css';
6  |  @import '@fontsou
rce/jetbrains-mono/500.
css';
   |  ^^^^^^^^^^^^^^^^^
^^^^^^^^^^^^^^^^^^^^^^^
^^^^^
7  |  @import '@fontsou
rce/jetbrains-mono/700.
css';
8  |  @import '@fontsou
rce/inter/400.css';[39
m
[33m[vite:css] 
@import must precede 
all other statements 
(besides @charset or 
empty @layer)
5  |  @import '@fontsou
rce/jetbrains-mono/400.
css';
6  |  @import '@fontsou
rce/jetbrains-mono/500.
css';
7  |  @import '@fontsou
rce/jetbrains-mono/700.
css';
   |  ^^^^^^^^^^^^^^^^^
^^^^^^^^^^^^^^^^^^^^^^^
^^^^^
8  |  @import '@fontsou
rce/inter/400.css';
9  |  @import '@fontsou
rce/inter/500.css';[39
m
[33m[vite:css] 
@import must precede 
all other statements 
(besides @charset or 
empty @layer)
6  |  @import '@fontsou
rce/jetbrains-mono/500.
css';
7  |  @import '@fontsou
rce/jetbrains-mono/700.
css';
8  |  @import '@fontsou
rce/inter/400.css';
   |  ^^^^^^^^^^^^^^^^^
^^^^^^^^^^^^^^^^^^^
9  |  @import '@fontsou
rce/inter/500.css';
10 |  @import '@fontsou
rce/inter/600.css';[39
m
[33m[vite:css] 
@import must precede 
all other statements 
(besides @charset or 
empty @layer)
7  |  @import '@fontsou
rce/jetbrains-mono/700.
css';
8  |  @import '@fontsou
rce/inter/400.css';
9  |  @import '@fontsou
rce/inter/500.css';
   |  ^^^^^^^^^^^^^^^^^
^^^^^^^^^^^^^^^^^^^
10 |  @import '@fontsou
rce/inter/600.css';
11 |  @import '@fontsou
rce/inter/700.css';[39
m
[33m[vite:css] 
@import must precede 
all other statements 
(besides @charset or 
empty @layer)
8  |  @import '@fontsou
rce/inter/400.css';
9  |  @import '@fontsou
rce/inter/500.css';
10 |  @import '@fontsou
rce/inter/600.css';
   |  ^^^^^^^^^^^^^^^^^
^^^^^^^^^^^^^^^^^^^
11 |  @import '@fontsou
rce/inter/700.css';
12 |  [39m
[33m[vite:css] 
@import must precede 
all other statements 
(besides @charset or 
empty @layer)
9  |  @import '@fontsou
rce/inter/500.css';
10 |  @import '@fontsou
rce/inter/600.css';
11 |  @import '@fontsou
rce/inter/700.css';
   |  ^^^^^^^^^^^^^^^^^
^^^^^^^^^^^^^^^^^^^
12 |  
13 |  @layer base 
{[39m
[31mx[39m Build 
failed in 711ms
[31merror during 
build:
[31m[vite:esbuild] 
Transform failed with 
2 errors:
C:/Users/navne/Download
s/Sentinel-main/fronten
d/src/pages/DecisionEng
ine.tsx:22:8: ERROR: 
The symbol "isDDoS" 
has already been 
declared
C:/Users/navne/Download
s/Sentinel-main/fronten
d/src/pages/DecisionEng
ine.tsx:23:8: ERROR: 
The symbol 
"isFlashCrowd" has 
already been 
declared[31m
file: [36mC:/Users/nav
ne/Downloads/Sentinel-m
ain/frontend/src/pages/
DecisionEngine.tsx:22:8
[31m
[33m
[33mThe symbol 
"isDDoS" has already 
been declared[33m
20 |    const 
threatScore = 
fi?.avg_threat_score 
?? 0;
21 |    const 
attackProbability = 
Math.min(100, 
Math.round(threatScore 
* 100));
22 |    const isDDoS = 
attackProbability >= 
70;
   |          ^
23 |    const 
isFlashCrowd = 
attackProbability >= 
30 && 
attackProbability < 70;
24 |  

[33mThe symbol 
"isFlashCrowd" has 
already been 
declared[33m
21 |    const 
attackProbability = 
Math.min(100, 
Math.round(threatScore 
* 100));
22 |    const isDDoS = 
attackProbability >= 
70;
23 |    const 
isFlashCrowd = 
attackProbability >= 
30 && 
attackProbability < 70;
   |          ^
24 |  
25 |    const 
getClassification = () 
=> {
[31m
    at 
failureErrorWithLog (C:
\Users\navne\Downloads\
Sentinel-main\frontend\
node_modules\esbuild\li
b\main.js:1472:15)
    at C:\Users\navne\D
ownloads\Sentinel-main\
frontend\node_modules\e
sbuild\lib\main.js:755:
50
    at responseCallback
s.<computed> (C:\Users\
navne\Downloads\Sentine
l-main\frontend\node_mo
dules\esbuild\lib\main.
js:622:9)
    at 
handleIncomingPacket (C
:\Users\navne\Downloads
\Sentinel-main\frontend
\node_modules\esbuild\l
ib\main.js:677:12)
    at 
Socket.readFromStdout (
C:\Users\navne\Download
s\Sentinel-main\fronten
d\node_modules\esbuild\
lib\main.js:600:7)
    at Socket.emit 
(node:events:519:28)
    at addChunk (node:i
nternal/streams/readabl
e:561:12)
    at readableAddChunk
PushByteMode (node:inte
rnal/streams/readable:5
12:3)
    at Readable.push (n
ode:internal/streams/re
adable:392:5)
    at 
Pipe.onStreamRead (node
:internal/stream_base_c
ommons:189:23)[39m
